// Jest Snapshot v1, https://goo.gl/fbAQLP

exports[`render NotFound 1`] = `
<div>
  404!
</div>
`;
